../../Middlewares/ST/touchgfx/framework/include/touchgfx/Screen.hpp:104:18:virtual void touchgfx::Screen::afterTransition()	0	static
../../Middlewares/ST/touchgfx/framework/include/touchgfx/Screen.hpp:154:18:virtual void touchgfx::Screen::handleKeyEvent(uint8_t)	0	static
D:/Game2048/Game2048/TouchGFXDemo/TouchGFX/gui/src/screen1_screen/Screen1View.cpp:27:6:virtual void Screen1View::tearDownScreen()	0	static
D:/Game2048/Game2048/TouchGFXDemo/TouchGFX/gui/src/screen1_screen/Screen1View.cpp:38:6:virtual void Screen1View::tickEvent()	24	static
../../TouchGFX/gui/include/gui/screen1_screen/Screen1View.hpp:14:13:Screen1View::~Screen1View()	8	static
../../TouchGFX/gui/include/gui/screen1_screen/Screen1View.hpp:14:13:virtual Screen1View::~Screen1View()	8	static
D:/Game2048/Game2048/TouchGFXDemo/TouchGFX/gui/src/screen1_screen/Screen1View.cpp:6:1:Screen1View::Screen1View()	8	static
D:/Game2048/Game2048/TouchGFXDemo/TouchGFX/gui/src/screen1_screen/Screen1View.cpp:11:6:virtual void Screen1View::setupScreen()	16	static
